// Jest Snapshot v1, https://jestjs.io/docs/snapshot-testing

exports[`TicTacToe Component matches DOM snapshot 1`] = `
<DocumentFragment>
  <div
    class="ttt-container"
  >
    <header
      class="ttt-header"
    >
      <button
        class="ttt-turn"
      >
        O TURN
      </button>
      <button
        class="ttt-reset"
      >
        ‚ü≤
      </button>
    </header>
    <main
      class="ttt-board"
    >
      <button
        class="ttt-cell "
      />
      <button
        class="ttt-cell "
      />
      <button
        class="ttt-cell "
      />
      <button
        class="ttt-cell "
      />
      <button
        class="ttt-cell "
      />
      <button
        class="ttt-cell "
      />
      <button
        class="ttt-cell "
      />
      <button
        class="ttt-cell "
      />
      <button
        class="ttt-cell "
      />
    </main>
  </div>
</DocumentFragment>
`;
